6
2.7
[1, 2, 3]
test test2
{test=1, test2=2, test3=3}
[1, 2]
{test=1, test2=2}