Error on line 1: 'and' function expects at least 2 arguments, got 1