Error on line 1: 'len' function expects a String, List, or Dict, got Integer