Error on line 1: 'print' function expects at least 1 argument, got 0