Error on line 1: 'defFunction' function expects 3 arguments, got 0