Error on line 1: Cannot define function with reserved name 'print'