ParseError on line 1: Trailing comma in function call