Error on line 1: Cannot multiply String and Integer