Error on line 2: Index out of bounds: 1 for list x