0
Error on line 4: Cannot reassign constant Variable 'CONSTANT_VARIABLE'