Error on line 1: Cannot define variable with reserved name 'print'